src/app/api/admin/users/route.ts(29,37): error TS7006: Parameter 'user' implicitly has an 'any' type.
src/app/api/student/certificate/[courseId]/route.ts(58,45): error TS7006: Parameter 'l' implicitly has an 'any' type.
src/lib/access-control.ts(2,70): error TS2307: Cannot find module '@/prisma/generated/client' or its corresponding type declarations.
src/lib/prisma.ts(1,30): error TS2307: Cannot find module '@/prisma/generated/client' or its corresponding type declarations.
